[www.equancy.fr/fr/index.html]
[backblue.gif]
[fade.gif]
[index.html]
[www.equancy.fr/img/share.png]
[www.equancy.fr/favicon-32x32.png]
[www.equancy.fr/favicon-16x16.png]
[www.equancy.fr/assets/css/index.css]
[www.equancy.fr/fr/notre-expertise.html]
[www.equancy.fr/fr/qui-sommes-nous.html]
[www.equancy.fr/fr/pourquoi-nous-rejoindre.html]
[www.equancy.fr/fr/nos-offres.html]
[www.equancy.fr/fr/cas-clients.html]
[www.equancy.fr/fr/news.html]
[www.equancy.fr/fr/news9275.html]
[www.equancy.fr/fr/news7e8a.html]
[www.equancy.fr/fr/news35c4.html]
[www.equancy.fr/fr/contact.html]
[www.equancy.fr/img/dtransformation.png]
[www.equancy.fr/img/expertises.png]
[www.equancy.fr/fr/cas-client/construction-et-exploitation-dun-data-lake.html]
[www.equancy.fr/uploads/media/5f62242a45db7_julian-hochgesang-5ejun0-jhzk-unsplash.jpg]
[www.equancy.fr/fr/cas-client/maturite-crm-et-design-de-lexperience-client.html]
[www.equancy.fr/uploads/media/5f620f20181c8_maturite-crm-et-design-de-lexperience-client.png]
[www.equancy.fr/fr/cas-client/personnalisation-du-parcours-client.html]
[www.equancy.fr/uploads/media/5f62263bb2e1f_3127pj-0pnodmbe00.jpg]
[www.equancy.fr/fr/news/study/qualite-des-donnees-get-clean-stay-clean.html]
[www.equancy.fr/uploads/media/603f8d302bd46_cover-site.png]
[www.equancy.fr/fr/news/insight/acheter-sa-voiture-en-ligne-mutation-ou-parenthese-sanitaire.html]
[www.equancy.fr/uploads/media/603fa8696c4fd_photo-1519283053578-3efb9d2e71bd.jpg]
[www.equancy.fr/fr/news/insight/impact-de-la-crise-sur-l-39-innovation-quel-tournant-pour-l-39-ecosysteme-startup.html]
[www.equancy.fr/uploads/media/5ff45f712c655_photo-article-startup.jpg]
[www.equancy.fr/fr/news/insight/2-customer-data-platform.html]
[www.equancy.fr/uploads/media/5f74b9581260d_abcd-glossary-illu.jpg]
[www.equancy.fr/fr/news/study/retail-et-data-cas-d-39-usage-decouvrez-notre-d-library.html]
[www.equancy.fr/uploads/media/5f8da52bd32d8_illu.jpg]
[www.equancy.fr/fr/news/insight/1-l-39-intelligence-artificielle.html]
[www.equancy.fr/fr/news/study/livre-entrez-dans-lere-de-lintelligence-artificielle-appliquee.html]
[www.equancy.fr/uploads/media/5f636bf30e13c_iphone-x-on-book.jpg]
[www.equancy.fr/fr/news/study/equancy-vous-forme-a-la-data.html]
[www.equancy.fr/uploads/media/5f510ecc36bf8_equancy-university.jpg]
[www.equancy.fr/fr/news/study/banques-et-assurances-traditionnelles-quels-sont-leurs-challenges.html]
[www.equancy.fr/uploads/media/5f510420b1f33_capture.jpg]
[www.equancy.fr/fr/news/study/faire-de-la-data-un-levier-de-creation-de-valeur-l-39-indispensable-enjeu-des-acteurs-de-la-mobilite.html]
[www.equancy.fr/uploads/media/5f5100461c71c_p1.jpg]
[www.equancy.fr/fr/news/insight/comment-la-personnalisation-des-parcours-clients-booste-t-elle-la-conversion-de-vos-audiences-1.html]
[www.equancy.fr/uploads/media/5f50fa40082a2_comment-la-personnalisation-des-parcours-clients-booste-t-elle-la-conversion-de-vos-audiences.jpg]
[www.equancy.fr/fr/news/insight/connaissez-vous-la-recette-de-la-data-sans-cookie.html]
[www.equancy.fr/uploads/media/5f50f75370cf3_cookies-on-square-white-ceramic-plate-890577-lowdef.jpg]
[www.equancy.fr/fr/privacy-policy.html]
[www.equancy.fr/fr/mentions-legales.html]
[www.equancy.fr/img/maps/paris.jpg]
[www.equancy.fr/img/maps/dubai.jpg]
[www.equancy.fr/img/maps/mumbai.jpg]
[www.google-analytics.com/analytics.js]
[polyfill.io/v3/polyfill.mina55d.js]
[www.equancy.fr/fr/index.html]
[www.equancy.fr/assets/js/app.js]
[www.equancy.fr/img/paris.png]
[www.equancy.fr/assets/css/index.css]
[www.equancy.fr/uploads/media/5eea2ad99c417_image.jpg]
[www.equancy.fr/uploads/media/5fa3c89d9fb01_charlotte-weill-2.png]
[www.equancy.fr/fr/qui-sommes-nous.html]
[www.equancy.fr/fr/expertise/optimisation-du-plan-danimation-commercial-pac.html]
[www.equancy.fr/fr/expertise/parcours-omnicanal.html]
[www.equancy.fr/fr/expertise/2-plan-dactions-client-segmente.html]
[www.equancy.fr/fr/expertise/robotisation-intelligente-de-processus.html]
[www.equancy.fr/fr/expertise/strategie-commerciale.html]
[www.equancy.fr/fr/expertise/strategie-doffre-et-business-modeles-associes.html]
[www.equancy.fr/fr/expertise/strategie-data.html]
[www.equancy.fr/fr/expertise/strategie-de-personnalisation.html]
[www.equancy.fr/fr/expertise/strategie-de-services.html]
[www.equancy.fr/fr/cas-client/definition-de-la-plateforme-relationnelle.html]
[www.equancy.fr/uploads/media/5f50e3f51424c_definition-de-la-plateforme-relationnelle.jpg]
[www.equancy.fr/fr/cas-client/definition-et-pilotage-d-39-une-strategie-media-data-driven.html]
[www.equancy.fr/uploads/media/5f50e1b73bcb3_definition-et-pilotage-dune-strategie-media-data-driven.jpg]
[www.equancy.fr/fr/cas-client/construction-dun-data-lake-pour-des-cas-dusage-multi-source-et-canal.html]
[www.equancy.fr/uploads/media/5f6218628c6d9_construction-et-dun-data-lake-pour-alimenter-des-cas-dusage-multi-source-et-canal.png]
[www.equancy.fr/fr/cas-client/reporting-d-39-attribution-de-performance-pour-piloter-la-performance-marcom.html]
[www.equancy.fr/uploads/media/5f50f39951e35_reporting-dattribution-de-performance-pour-piloter-la-performance-marcom.jpg]
[www.equancy.fr/fr/cas-client/analyse-ux-et-ab-testing-pour-augmenter-la-performance-digitale.html]
[www.equancy.fr/uploads/media/5f50c1f86b1f1_analyse-ux-et-ab-testing-pour-augmenter-la-performance-digitale.jpg]
[www.equancy.fr/fr/cas-client/choix-deploiement-et-exploitation-dun-outil-tv-analytics.html]
[www.equancy.fr/uploads/media/5f50bfa5c4942_deploiement-et-analyse-dun-outil-tv-analytics.jpg]
[www.equancy.fr/uploads/media/5f50bdef21218_accompagnement-a-la-mise-en-place-dun-outil-dautomatisation-des-plans-media.jpg]
[www.equancy.fr/fr/cas-client/mise-en-place-dun-outil-dautomatisation-des-plans-media.html]
[www.equancy.fr/fr/cas-client/le-data-lake-pilier-de-la-strategie-de-personnalisation-multicanale.html]
[www.equancy.fr/uploads/media/5f62188eca3c3_picard.jpg]
[www.equancy.fr/fr/cas-client/monetiser-la-data-via-la-mise-en-place-dune-regie-media.html]
[www.equancy.fr/uploads/media/5f50b730ad49c_tirer-parti-de-ses-actifs-et-monetiser-la-data-via-la-mise-en-place-dune-regie-media.jpg]
[www.equancy.fr/fr/notre-expertise.html]
[www.equancy.fr/fr/cas-client/global-client-study.html]
[www.equancy.fr/uploads/media/5f621f992695c_la-prairie.jpg]
[www.equancy.fr/fr/cas-client/segmentation-activation-des-segments.html]
[www.equancy.fr/uploads/media/5fbe958537d20_cas-client-dpr.jpg]
[www.equancy.fr/fr/cas-client/cartographie-et-refonte-des-parcours-clients.html]
[www.equancy.fr/uploads/media/5f50aa207c002_cartographie-et-refonte-des-parcours-clients.jpg]
[www.equancy.fr/fr/cas-client/evolution-et-positionnement-de-loffre-epargne-retraite-loi-pacte.html]
[www.equancy.fr/uploads/media/5f6223ab038d0_generali-illu.png]
[www.equancy.fr/uploads/media/5f50ec7159768_optimiser-ses-investissement-promo-via-un-plan-daction-commercial-data-driven.png]
[www.equancy.fr/fr/cas-client/optimiser-ses-investissements-promotionnels-via-un-plan-daction-commercial-data-driven.html]
[www.equancy.fr/fr/cas-client/refonte-de-la-customer-experience.html]
[www.equancy.fr/uploads/media/5f62292de996b_photo-1516733968668-dbdce39c4651.jpg]
[www.equancy.fr/fr/cas-client/data-driven-marketing.html]
[www.equancy.fr/uploads/media/5f622aa967ecb_kumpan-electric-upxglogxxle-unsplash.jpg]
[www.equancy.fr/fr/cas-client/strategie-dinnovations-services.html]
[www.equancy.fr/uploads/media/5f622b8482b42_agence-hertz-location.jpg]
[www.equancy.fr/fr/cas-clients.html]
[www.equancy.fr/uploads/media/5f2ad3b5dd311_capture-decran-2020-08-05-a-17-43-30.png]
[www.equancy.fr/uploads/media/5f2ad3d64709b_capture-decran-2020-08-05-a-17-42-31.png]
[www.equancy.fr/uploads/media/5f2ad3fbee27d_capture-decran-2020-08-05-a-17-43-02.png]
[www.equancy.fr/fr/pourquoi-nous-rejoindre.html]
[www.equancy.fr/fr/offre/cloud-devops-engineer-h-f.html]
[www.equancy.fr/fr/offre/consultant-e-en-strategie-confirme-e-h-f.html]
[www.equancy.fr/fr/offre/architecte-data-h-f.html]
[www.equancy.fr/fr/offre/marketing-project-manager-consultant-strategie-senior-h-f.html]
[www.equancy.fr/fr/offre/data-scientist-senior-h-f-1.html]
[www.equancy.fr/fr/offre/chef-de-projet-data-h-f.html]
[www.equancy.fr/fr/offre/consultant-media-digital-h-f.html]
[www.equancy.fr/fr/offre/consultant-analytics-h-f.html]
[www.equancy.fr/fr/nos-offres.html]
[www.equancy.fr/fr/news.html]
[www.equancy.fr/fr/news9275.html]
[www.equancy.fr/fr/news7e8a.html]
[www.equancy.fr/fr/news35c4.html]
[www.equancy.fr/fr/offre/stage-data-scientist-h-f.html]
[www.google.com/recaptcha/api3398.js]
[www.equancy.fr/fr/contact.html]
[www.equancy.fr/uploads/media/5f4fb15fa68b9_volkswagen.png]
[www.equancy.fr/uploads/media/5fa3c90c3038e_daniel-snook-2.png]
[www.equancy.fr/fr/cas-client/construction-et-exploitation-dun-data-lake.html]
[www.equancy.fr/uploads/media/5f295e858f4cb_e.png]
[www.equancy.fr/uploads/media/5fa3c8fff32bd_bertrand-destailleur-2.png]
[www.equancy.fr/fr/cas-client/maturite-crm-et-design-de-lexperience-client.html]
[www.equancy.fr/uploads/media/5f2ab5816f841_danone.png]
[www.equancy.fr/uploads/media/5fa3c8ac98925_bertrand-de-la-selle-2.png]
[www.equancy.fr/fr/cas-client/personnalisation-du-parcours-client.html]
[www.equancy.fr/uploads/media/5fa3c91d12f58_didier-richaudeau-2.png]
[www.equancy.fr/uploads/media/603f8b6000d7a_equancy-qualite-des-donnees-get-clean-stay-clean-mars-2021-dr.jpg]
[www.equancy.fr/fr/news/study/qualite-des-donnees-get-clean-stay-clean.html]
[www.equancy.fr/fr/news/insight/acheter-sa-voiture-en-ligne-mutation-ou-parenthese-sanitaire.html]
[www.equancy.fr/fr/news/insight/impact-de-la-crise-sur-l-39-innovation-quel-tournant-pour-l-39-ecosysteme-startup.html]
[www.equancy.fr/fr/news/insight/2-customer-data-platform.html]
[www.equancy.fr/fr/news/study/retail-et-data-cas-d-39-usage-decouvrez-notre-d-library.html]
[www.equancy.fr/fr/news/insight/1-l-39-intelligence-artificielle.html]
[www.equancy.fr/fr/news/study/livre-entrez-dans-lere-de-lintelligence-artificielle-appliquee.html]
[www.equancy.fr/uploads/media/5fa3c92b16d7d_herve-mignot-2.png]
[www.equancy.fr/fr/news/study/equancy-vous-forme-a-la-data.html]
[www.equancy.fr/fr/news/study/banques-et-assurances-traditionnelles-quels-sont-leurs-challenges.html]
[www.equancy.fr/fr/news/study/faire-de-la-data-un-levier-de-creation-de-valeur-l-39-indispensable-enjeu-des-acteurs-de-la-mobilite.html]
[www.equancy.fr/fr/news/insight/comment-la-personnalisation-des-parcours-clients-booste-t-elle-la-conversion-de-vos-audiences-1.html]
[www.equancy.fr/fr/news/insight/connaissez-vous-la-recette-de-la-data-sans-cookie.html]
[www.equancy.fr/fr/privacy-policy.html]
[www.equancy.fr/fr/mentions-legales.html]
[www.equancy.fr/uploads/media/5fa3c939808ef_elodie-prodhomme-2.png]
[www.equancy.fr/uploads/media/5f4e6bdb3721f_aws.png]
[www.equancy.fr/uploads/media/5f4e6d81d33cb_gitlab.png]
[www.equancy.fr/uploads/media/5f4e6dfb09fd1_jupyter.png]
[www.equancy.fr/uploads/media/5f6236351bde8_python.png]
[www.equancy.fr/uploads/media/5f4e70d79fe68_tableau.png]
[www.equancy.fr/fr/expertise/nouveaux-concepts-de-distribution.html]
[www.equancy.fr/fr/expertise/optimisation-du-plan-danimation-commercial-pac.html]
[www.equancy.fr/fr/expertise/transformation-client.html]
[www.equancy.fr/fr/expertise/parcours-omnicanal.html]
[www.equancy.fr/fr/expertise/optimisation-algorithmique-des-actions-marketing.html]
[www.equancy.fr/fr/expertise/2-plan-dactions-client-segmente.html]
[www.equancy.fr/uploads/media/5f4e6bb5628ed_automation-anywhere.jpg]
[www.equancy.fr/uploads/media/5f4e6ffb90937_ml-flow.jpg]
[www.equancy.fr/uploads/media/5f635c2bc9f74_logo-pytorch-200x175.jpg]
[www.equancy.fr/uploads/media/5f4e70ed19e1f_tensorflow.png]
[www.equancy.fr/uploads/media/5f4e714a81287_uipath.png]
[www.equancy.fr/uploads/media/5f635b6526c3c_scikit.png]
[www.equancy.fr/fr/expertise/systeme-de-recommandations-avance.html]
[www.equancy.fr/fr/expertise/robotisation-intelligente-de-processus.html]
[www.equancy.fr/fr/expertise/strategie-commerciale.html]
[www.equancy.fr/fr/expertise/strategie-doffre-et-business-modeles-associes.html]
[www.equancy.fr/fr/expertise/conception-et-realisation-dun-data-lake.html]
[www.equancy.fr/fr/expertise/strategie-data.html]
[www.equancy.fr/fr/expertise/valorisation-et-monetisation-de-la-data.html]
[www.equancy.fr/fr/expertise/strategie-de-personnalisation.html]
[www.equancy.fr/fr/expertise/strategie-de-services.html]
[www.equancy.fr/fr/cas-client/definition-de-la-plateforme-relationnelle.html]
[www.equancy.fr/uploads/media/5f50e0c304735_groupe-pvcp.jpg]
[www.equancy.fr/fr/cas-client/definition-et-pilotage-d-39-une-strategie-media-data-driven.html]
[www.equancy.fr/fr/cas-client/construction-dun-data-lake-pour-des-cas-dusage-multi-source-et-canal.html]
[www.equancy.fr/fr/cas-client/reporting-d-39-attribution-de-performance-pour-piloter-la-performance-marcom.html]
[www.equancy.fr/fr/cas-client/analyse-ux-et-ab-testing-pour-augmenter-la-performance-digitale.html]
[www.equancy.fr/fr/cas-client/choix-deploiement-et-exploitation-dun-outil-tv-analytics.html]
[www.equancy.fr/fr/cas-client/mise-en-place-dun-outil-dautomatisation-des-plans-media.html]
[www.equancy.fr/uploads/media/5f50bbbf634be_picard.png]
[www.equancy.fr/fr/cas-client/le-data-lake-pilier-de-la-strategie-de-personnalisation-multicanale.html]
[www.equancy.fr/uploads/media/5f50b72477a05_carrefour.png]
[www.equancy.fr/fr/cas-client/monetiser-la-data-via-la-mise-en-place-dune-regie-media.html]
[www.equancy.fr/uploads/media/5f50b2c444cac_la-prairie.jpg]
[www.equancy.fr/fr/cas-client/global-client-study.html]
[www.equancy.fr/uploads/media/5f50b02380888_docteur-pierre-ricaud.jpg]
[www.equancy.fr/fr/cas-client/segmentation-activation-des-segments.html]
[www.equancy.fr/uploads/media/5f50a9dabe3ca_societegeneraleassurances.jpg]
[www.equancy.fr/fr/cas-client/cartographie-et-refonte-des-parcours-clients.html]
[www.equancy.fr/uploads/media/5f4fb8966c6de_generali.png]
[www.equancy.fr/fr/cas-client/evolution-et-positionnement-de-loffre-epargne-retraite-loi-pacte.html]
[www.equancy.fr/fr/cas-client/optimiser-ses-investissements-promotionnels-via-un-plan-daction-commercial-data-driven.html]
[www.equancy.fr/fr/cas-client/refonte-de-la-customer-experience.html]
[www.equancy.fr/fr/cas-client/data-driven-marketing.html]
[www.equancy.fr/uploads/media/5f0c142a412ae_1200px-hertz-logo-svg.png]
[www.equancy.fr/fr/cas-client/strategie-dinnovations-services.html]
[www.equancy.fr/uploads/media/5f69e8e77292b_banner-equancy.jpg]
[www.equancy.fr/uploads/media/5f6366dab481c_equancy-hd-5.jpg]
[www.equancy.fr/uploads/media/5f6366ebb8f76_equancy-hd-17.jpg]
[www.equancy.fr/fr/offre/consultant-e-en-strategie-confirme-e-h-f.html]
[www.equancy.fr/img/wttj.jpg]
[www.equancy.fr/fr/offre/cloud-devops-engineer-h-f.html]
[www.equancy.fr/fr/offre/architecte-data-h-f.html]
[www.equancy.fr/fr/offre/marketing-project-manager-consultant-strategie-senior-h-f.html]
[www.equancy.fr/fr/offre/data-scientist-senior-h-f-1.html]
[www.equancy.fr/fr/offre/chef-de-projet-data-h-f.html]
[www.equancy.fr/fr/offre/consultant-media-digital-h-f.html]
[www.equancy.fr/fr/offre/consultant-analytics-h-f.html]
[www.equancy.fr/fr/offre/stage-data-scientist-h-f.html]
[www.equancy.fr/fr/expertise/nouveaux-concepts-de-distribution.html]
[www.equancy.fr/fr/expertise/transformation-client.html]
[www.equancy.fr/uploads/media/5f4e6bf57c6c2_azure.png]
[www.equancy.fr/uploads/media/5f4e709560f3f_spark.png]
[www.equancy.fr/uploads/media/5f632511ed945_logo-dataiku.png]
[www.equancy.fr/fr/expertise/optimisation-algorithmique-des-actions-marketing.html]
[www.equancy.fr/fr/expertise/systeme-de-recommandations-avance.html]
[www.equancy.fr/uploads/media/5f4e6b8d89a41_airflow.png]
[www.equancy.fr/uploads/media/5f4e6c3f7704a_docker.png]
[www.equancy.fr/uploads/media/5f4e6d3bd2821_gcp.png]
[www.equancy.fr/uploads/media/5f61e41ed9bd2_kubernetes-logo-big.png]
[www.equancy.fr/fr/expertise/conception-et-realisation-dun-data-lake.html]
[www.equancy.fr/uploads/media/5f634c788a741_gmp.png]
[www.equancy.fr/uploads/media/5f4e6de30fc4d_graphinium.png]
[www.equancy.fr/uploads/media/5f4e6ebb29470_liveramp.png]
[www.equancy.fr/uploads/media/5f4e6fd005ad4_mediarithmics.png]
[www.equancy.fr/uploads/media/5f4e70c2552d8_storetail.png]
[www.equancy.fr/fr/expertise/valorisation-et-monetisation-de-la-data.html]
